
> email-marketing@1.0.0 build
> vite build

vite v8.1.5 building client environment for production...
[2Ktransforming...✓ 4 modules transformed.
✗ Build failed in 189ms
error during build:
Build failed with 1 error:

[31m[UNRESOLVED_IMPORT] [0mCould not resolve './App.jsx' in src/main.jsx
   [38;5;246m╭[0m[38;5;246m─[0m[38;5;246m[[0m src/main.jsx:3:17 [38;5;246m][0m
   [38;5;246m│[0m
 [38;5;246m3 │[0m [38;5;249mi[0m[38;5;249mm[0m[38;5;249mp[0m[38;5;249mo[0m[38;5;249mr[0m[38;5;249mt[0m[38;5;249m [0m[38;5;249mA[0m[38;5;249mp[0m[38;5;249mp[0m[38;5;249m [0m[38;5;249mf[0m[38;5;249mr[0m[38;5;249mo[0m[38;5;249mm[0m[38;5;249m [0m"./App.jsx"[38;5;249m;[0m
 [38;5;240m  │[0m                 ─────┬─────  
 [38;5;240m  │[0m                      ╰─────── Module not found.
 [38;5;240m  │[0m 
 [38;5;240m  │[0m [38;5;115mHelp[0m: 'src/main.jsx' is imported by the following path:
 [38;5;240m  │[0m         - src/main.jsx
 [38;5;240m  │[0m         - index.html
[38;5;246m───╯[0m

    at aggregateBindingErrorsIntoJsError (file:///Users/yevhen/Cursor/Unicorn/node_modules/rolldown/dist/shared/error-BHRSI0R7.mjs:48:18)
    at unwrapBindingResult (file:///Users/yevhen/Cursor/Unicorn/node_modules/rolldown/dist/shared/error-BHRSI0R7.mjs:18:128)
    at #build (file:///Users/yevhen/Cursor/Unicorn/node_modules/rolldown/dist/shared/rolldown-build-CtPvmZgJ.mjs:3276:34)
    at async buildEnvironment (file:///Users/yevhen/Cursor/Unicorn/node_modules/vite/dist/node/chunks/node.js:33061:66)
    at async Object.build (file:///Users/yevhen/Cursor/Unicorn/node_modules/vite/dist/node/chunks/node.js:33483:19)
    at async Object.buildApp (file:///Users/yevhen/Cursor/Unicorn/node_modules/vite/dist/node/chunks/node.js:33480:153)
    at async CAC.<anonymous> (file:///Users/yevhen/Cursor/Unicorn/node_modules/vite/dist/node/cli.js:776:3) {
  errors: [Getter/Setter]
}
npm error Lifecycle script `build` failed with error:
npm error code 1
npm error path /Users/yevhen/Cursor/Unicorn/apps/email-marketing
npm error workspace email-marketing@1.0.0
npm error location /Users/yevhen/Cursor/Unicorn/apps/email-marketing
npm error command failed
npm error command sh -c vite build
